Archive member included because of file (symbol)

e:/embeded system/iti course/01- embedded systems avr tools/01-imt sdk/imt_sdk_win_64/winavr/bin/../lib/gcc/avr/4.3.3/avr5\libgcc.a(_exit.o)
                              e:/embeded system/iti course/01- embedded systems avr tools/01-imt sdk/imt_sdk_win_64/winavr/bin/../lib/gcc/avr/4.3.3/../../../../avr/lib/avr5/crtm32.o (exit)

Memory Configuration

Name             Origin             Length             Attributes
text             0x00000000         0x00020000         xr
data             0x00800060         0x0000ffa0         rw !x
eeprom           0x00810000         0x00010000         rw !x
fuse             0x00820000         0x00000400         rw !x
lock             0x00830000         0x00000400         rw !x
signature        0x00840000         0x00000400         rw !x
*default*        0x00000000         0xffffffff

Linker script and memory map

LOAD e:/embeded system/iti course/01- embedded systems avr tools/01-imt sdk/imt_sdk_win_64/winavr/bin/../lib/gcc/avr/4.3.3/../../../../avr/lib/avr5/crtm32.o
LOAD ./MADC_program.o
LOAD ./MDIO_programe.o
LOAD ./MGIE_programe.o
LOAD ./MSPI_program.o
LOAD ./main.o
LOAD e:/embeded system/iti course/01- embedded systems avr tools/01-imt sdk/imt_sdk_win_64/winavr/bin/../lib/gcc/avr/4.3.3/avr5\libgcc.a
LOAD e:/embeded system/iti course/01- embedded systems avr tools/01-imt sdk/imt_sdk_win_64/winavr/bin/../lib/gcc/avr/4.3.3/../../../../avr/lib/avr5\libc.a
LOAD e:/embeded system/iti course/01- embedded systems avr tools/01-imt sdk/imt_sdk_win_64/winavr/bin/../lib/gcc/avr/4.3.3/avr5\libgcc.a

.hash
 *(.hash)

.dynsym
 *(.dynsym)

.dynstr
 *(.dynstr)

.gnu.version
 *(.gnu.version)

.gnu.version_d
 *(.gnu.version_d)

.gnu.version_r
 *(.gnu.version_r)

.rel.init
 *(.rel.init)

.rela.init
 *(.rela.init)

.rel.text
 *(.rel.text)
 *(.rel.text.*)
 *(.rel.gnu.linkonce.t*)

.rela.text
 *(.rela.text)
 *(.rela.text.*)
 *(.rela.gnu.linkonce.t*)

.rel.fini
 *(.rel.fini)

.rela.fini
 *(.rela.fini)

.rel.rodata
 *(.rel.rodata)
 *(.rel.rodata.*)
 *(.rel.gnu.linkonce.r*)

.rela.rodata
 *(.rela.rodata)
 *(.rela.rodata.*)
 *(.rela.gnu.linkonce.r*)

.rel.data
 *(.rel.data)
 *(.rel.data.*)
 *(.rel.gnu.linkonce.d*)

.rela.data
 *(.rela.data)
 *(.rela.data.*)
 *(.rela.gnu.linkonce.d*)

.rel.ctors
 *(.rel.ctors)

.rela.ctors
 *(.rela.ctors)

.rel.dtors
 *(.rel.dtors)

.rela.dtors
 *(.rela.dtors)

.rel.got
 *(.rel.got)

.rela.got
 *(.rela.got)

.rel.bss
 *(.rel.bss)

.rela.bss
 *(.rela.bss)

.rel.plt
 *(.rel.plt)

.rela.plt
 *(.rela.plt)

.text           0x00000000      0x776
 *(.vectors)
 .vectors       0x00000000       0x54 e:/embeded system/iti course/01- embedded systems avr tools/01-imt sdk/imt_sdk_win_64/winavr/bin/../lib/gcc/avr/4.3.3/../../../../avr/lib/avr5/crtm32.o
                0x00000000                __vectors
                0x00000000                __vector_default
 *(.vectors)
 *(.progmem.gcc*)
 *(.progmem*)
                0x00000054                . = ALIGN (0x2)
                0x00000054                __trampolines_start = .
 *(.trampolines)
 .trampolines   0x00000054        0x0 linker stubs
 *(.trampolines*)
                0x00000054                __trampolines_end = .
 *(.jumptables)
 *(.jumptables*)
 *(.lowtext)
 *(.lowtext*)
                0x00000054                __ctors_start = .
 *(.ctors)
                0x00000054                __ctors_end = .
                0x00000054                __dtors_start = .
 *(.dtors)
                0x00000054                __dtors_end = .
 SORT(*)(.ctors)
 SORT(*)(.dtors)
 *(.init0)
 .init0         0x00000054        0x0 e:/embeded system/iti course/01- embedded systems avr tools/01-imt sdk/imt_sdk_win_64/winavr/bin/../lib/gcc/avr/4.3.3/../../../../avr/lib/avr5/crtm32.o
                0x00000054                __init
 *(.init0)
 *(.init1)
 *(.init1)
 *(.init2)
 .init2         0x00000054        0xc e:/embeded system/iti course/01- embedded systems avr tools/01-imt sdk/imt_sdk_win_64/winavr/bin/../lib/gcc/avr/4.3.3/../../../../avr/lib/avr5/crtm32.o
 *(.init2)
 *(.init3)
 *(.init3)
 *(.init4)
 *(.init4)
 *(.init5)
 *(.init5)
 *(.init6)
 *(.init6)
 *(.init7)
 *(.init7)
 *(.init8)
 *(.init8)
 *(.init9)
 .init9         0x00000060        0x8 e:/embeded system/iti course/01- embedded systems avr tools/01-imt sdk/imt_sdk_win_64/winavr/bin/../lib/gcc/avr/4.3.3/../../../../avr/lib/avr5/crtm32.o
 *(.init9)
 *(.text)
 .text          0x00000068        0x4 e:/embeded system/iti course/01- embedded systems avr tools/01-imt sdk/imt_sdk_win_64/winavr/bin/../lib/gcc/avr/4.3.3/../../../../avr/lib/avr5/crtm32.o
                0x00000068                __vector_1
                0x00000068                __vector_12
                0x00000068                __bad_interrupt
                0x00000068                __vector_6
                0x00000068                __vector_3
                0x00000068                __vector_11
                0x00000068                __vector_13
                0x00000068                __vector_17
                0x00000068                __vector_19
                0x00000068                __vector_7
                0x00000068                __vector_5
                0x00000068                __vector_4
                0x00000068                __vector_9
                0x00000068                __vector_2
                0x00000068                __vector_15
                0x00000068                __vector_8
                0x00000068                __vector_14
                0x00000068                __vector_10
                0x00000068                __vector_16
                0x00000068                __vector_18
                0x00000068                __vector_20
 .text          0x0000006c        0x0 ./MADC_program.o
 .text          0x0000006c        0x0 ./MDIO_programe.o
 .text          0x0000006c        0x0 ./MGIE_programe.o
 .text          0x0000006c        0x0 ./MSPI_program.o
 .text          0x0000006c        0x0 ./main.o
 .text          0x0000006c        0x0 e:/embeded system/iti course/01- embedded systems avr tools/01-imt sdk/imt_sdk_win_64/winavr/bin/../lib/gcc/avr/4.3.3/avr5\libgcc.a(_exit.o)
                0x0000006c                . = ALIGN (0x2)
 *(.text.*)
 .text.madc_init
                0x0000006c       0x70 ./MADC_program.o
                0x0000006c                madc_init
 .text.madc_ReadAnalogPolling
                0x000000dc       0x6c ./MADC_program.o
                0x000000dc                madc_ReadAnalogPolling
 .text.mdio_setPinstatus
                0x00000148      0x24e ./MDIO_programe.o
                0x00000148                mdio_setPinstatus
 .text.mdio_setPinValue
                0x00000396      0x182 ./MDIO_programe.o
                0x00000396                mdio_setPinValue
 .text.mdio_togglePinValue
                0x00000518       0xa4 ./MDIO_programe.o
                0x00000518                mdio_togglePinValue
 .text.mdio_getPinValue
                0x000005bc       0xc4 ./MDIO_programe.o
                0x000005bc                mdio_getPinValue
 .text.mGIE_EnableGie
                0x00000680       0x1c ./MGIE_programe.o
                0x00000680                mGIE_EnableGie
 .text.mGIE_DisableGie
                0x0000069c       0x1c ./MGIE_programe.o
                0x0000069c                mGIE_DisableGie
 .text.mspi_InitMaster
                0x000006b8       0x16 ./MSPI_program.o
                0x000006b8                mspi_InitMaster
 .text.mspi_InitSlave
                0x000006ce       0x16 ./MSPI_program.o
                0x000006ce                mspi_InitSlave
 .text.mspi_tran
                0x000006e4       0x34 ./MSPI_program.o
                0x000006e4                mspi_tran
 .text.main     0x00000718       0x5a ./main.o
                0x00000718                main
 .text.libgcc   0x00000772        0x0 e:/embeded system/iti course/01- embedded systems avr tools/01-imt sdk/imt_sdk_win_64/winavr/bin/../lib/gcc/avr/4.3.3/avr5\libgcc.a(_exit.o)
                0x00000772                . = ALIGN (0x2)
 *(.fini9)
 .fini9         0x00000772        0x0 e:/embeded system/iti course/01- embedded systems avr tools/01-imt sdk/imt_sdk_win_64/winavr/bin/../lib/gcc/avr/4.3.3/avr5\libgcc.a(_exit.o)
                0x00000772                exit
                0x00000772                _exit
 *(.fini9)
 *(.fini8)
 *(.fini8)
 *(.fini7)
 *(.fini7)
 *(.fini6)
 *(.fini6)
 *(.fini5)
 *(.fini5)
 *(.fini4)
 *(.fini4)
 *(.fini3)
 *(.fini3)
 *(.fini2)
 *(.fini2)
 *(.fini1)
 *(.fini1)
 *(.fini0)
 .fini0         0x00000772        0x4 e:/embeded system/iti course/01- embedded systems avr tools/01-imt sdk/imt_sdk_win_64/winavr/bin/../lib/gcc/avr/4.3.3/avr5\libgcc.a(_exit.o)
 *(.fini0)
                0x00000776                _etext = .

.data           0x00800060        0x0 load address 0x00000776
                0x00800060                PROVIDE (__data_start, .)
 *(.data)
 .data          0x00800060        0x0 e:/embeded system/iti course/01- embedded systems avr tools/01-imt sdk/imt_sdk_win_64/winavr/bin/../lib/gcc/avr/4.3.3/../../../../avr/lib/avr5/crtm32.o
 .data          0x00800060        0x0 ./MADC_program.o
 .data          0x00800060        0x0 ./MDIO_programe.o
 .data          0x00800060        0x0 ./MGIE_programe.o
 .data          0x00800060        0x0 ./MSPI_program.o
 .data          0x00800060        0x0 ./main.o
 .data          0x00800060        0x0 e:/embeded system/iti course/01- embedded systems avr tools/01-imt sdk/imt_sdk_win_64/winavr/bin/../lib/gcc/avr/4.3.3/avr5\libgcc.a(_exit.o)
 *(.data*)
 *(.rodata)
 *(.rodata*)
 *(.gnu.linkonce.d*)
                0x00800060                . = ALIGN (0x2)
                0x00800060                _edata = .
                0x00800060                PROVIDE (__data_end, .)

.bss            0x00800060        0x0
                0x00800060                PROVIDE (__bss_start, .)
 *(.bss)
 .bss           0x00800060        0x0 e:/embeded system/iti course/01- embedded systems avr tools/01-imt sdk/imt_sdk_win_64/winavr/bin/../lib/gcc/avr/4.3.3/../../../../avr/lib/avr5/crtm32.o
 .bss           0x00800060        0x0 ./MADC_program.o
 .bss           0x00800060        0x0 ./MDIO_programe.o
 .bss           0x00800060        0x0 ./MGIE_programe.o
 .bss           0x00800060        0x0 ./MSPI_program.o
 .bss           0x00800060        0x0 ./main.o
 .bss           0x00800060        0x0 e:/embeded system/iti course/01- embedded systems avr tools/01-imt sdk/imt_sdk_win_64/winavr/bin/../lib/gcc/avr/4.3.3/avr5\libgcc.a(_exit.o)
 *(.bss*)
 *(COMMON)
                0x00800060                PROVIDE (__bss_end, .)
                0x00000776                __data_load_start = LOADADDR (.data)
                0x00000776                __data_load_end = (__data_load_start + SIZEOF (.data))

.noinit         0x00800060        0x0
                0x00800060                PROVIDE (__noinit_start, .)
 *(.noinit*)
                0x00800060                PROVIDE (__noinit_end, .)
                0x00800060                _end = .
                0x00800060                PROVIDE (__heap_start, .)

.eeprom         0x00810000        0x0
 *(.eeprom*)
                0x00810000                __eeprom_end = .

.fuse
 *(.fuse)
 *(.lfuse)
 *(.hfuse)
 *(.efuse)

.lock
 *(.lock*)

.signature
 *(.signature*)

.stab           0x00000000      0xd50
 *(.stab)
 .stab          0x00000000      0x24c ./MADC_program.o
 .stab          0x0000024c      0x498 ./MDIO_programe.o
                                0x510 (size before relaxing)
 .stab          0x000006e4      0x144 ./MGIE_programe.o
                                0x1bc (size before relaxing)
 .stab          0x00000828      0x1d4 ./MSPI_program.o
                                0x24c (size before relaxing)
 .stab          0x000009fc      0x354 ./main.o
                                0x3cc (size before relaxing)

.stabstr        0x00000000      0x940
 *(.stabstr)
 .stabstr       0x00000000      0x940 ./MADC_program.o

.stab.excl
 *(.stab.excl)

.stab.exclstr
 *(.stab.exclstr)

.stab.index
 *(.stab.index)

.stab.indexstr
 *(.stab.indexstr)

.comment
 *(.comment)

.debug
 *(.debug)

.line
 *(.line)

.debug_srcinfo
 *(.debug_srcinfo)

.debug_sfnames
 *(.debug_sfnames)

.debug_aranges
 *(.debug_aranges)

.debug_pubnames
 *(.debug_pubnames)

.debug_info
 *(.debug_info)
 *(.gnu.linkonce.wi.*)

.debug_abbrev
 *(.debug_abbrev)

.debug_line
 *(.debug_line)

.debug_frame
 *(.debug_frame)

.debug_str
 *(.debug_str)

.debug_loc
 *(.debug_loc)

.debug_macinfo
 *(.debug_macinfo)
OUTPUT(Project_ITI_MASTER.elf elf32-avr)
LOAD linker stubs
